
ROUND 1 at 2026-09-19T14:41:49.227858+00:00
graph 1: edges=57, unique=1, alpha=8, factor_critical=True
graph 2: edges=57, unique=1, alpha=8, factor_critical=True
graph 3: edges=57, unique=1, alpha=8, factor_critical=True
graph 4: edges=57, unique=1, alpha=8, factor_critical=True
graph 5: edges=57, unique=1, alpha=8, factor_critical=True
graph 6: edges=57, unique=1, alpha=8, factor_critical=True
graph 7: edges=57, unique=1, alpha=8, factor_critical=True
graph 8: edges=57, unique=1, alpha=8, factor_critical=True
graph 9: edges=57, unique=1, alpha=8, factor_critical=True
graph 10: edges=57, unique=1, alpha=8, factor_critical=True
graph 11: edges=57, unique=1, alpha=8, factor_critical=True
graph 12: edges=57, unique=1, alpha=8, factor_critical=True
graph 13: edges=57, unique=1, alpha=8, factor_critical=True
graph 14: edges=57, unique=1, alpha=8, factor_critical=True
graph 15: edges=57, unique=1, alpha=8, factor_critical=True
graph 16: edges=57, unique=1, alpha=8, factor_critical=True
graph 17: edges=57, unique=1, alpha=8, factor_critical=True
graph 18: edges=57, unique=1, alpha=8, factor_critical=True
graph 19: edges=57, unique=1, alpha=8, factor_critical=True
graph 20: edges=57, unique=1, alpha=8, factor_critical=True
graph 21: edges=57, unique=1, alpha=8, factor_critical=True
graph 22: edges=57, unique=1, alpha=8, factor_critical=True
graph 23: edges=57, unique=1, alpha=8, factor_critical=True
graph 24: edges=57, unique=1, alpha=8, factor_critical=True
graph 25: edges=57, unique=1, alpha=8, factor_critical=True
graph 26: edges=57, unique=1, alpha=8, factor_critical=True
graph 27: edges=57, unique=1, alpha=8, factor_critical=True
graph 28: edges=57, unique=1, alpha=8, factor_critical=True
graph 29: edges=57, unique=1, alpha=8, factor_critical=True
graph 30: edges=57, unique=1, alpha=8, factor_critical=True
graph 31: edges=57, unique=1, alpha=8, factor_critical=True
graph 32: edges=57, unique=1, alpha=8, factor_critical=True
{
  "mode": "enumerate",
  "complete": true,
  "stop_reason": "INFEASIBLE",
  "last_solver_status": "INFEASIBLE",
  "labelled_solutions": 32,
  "nonisomorphic_graphs": 1,
  "blocked_assignments": 3751,
  "new_solutions_this_run": 32,
  "elapsed_seconds": 23.634112683999774,
  "workers": 3,
  "seed": 1,
  "complete_meaning": "Every isomorphism class satisfying manifest spec covered"
}
